#-----------------------------------------------------------
# Vivado v2023.1 (64-bit)
# SW Build 3865809 on Sun May  7 15:05:29 MDT 2023
# IP Build 3864474 on Sun May  7 20:36:21 MDT 2023
# SharedData Build 3865790 on Sun May 07 13:33:03 MDT 2023
# Start of session at: Mon May  6 11:01:36 2024
# Process ID: 17552
# Current directory: C:/Users/rashe/Desktop/testCNN
# Command line: vivado.exe -gui_launcher_event rodinguilauncherevent12184 C:\Users\rashe\Desktop\testCNN\testCNN.xpr
# Log file: C:/Users/rashe/Desktop/testCNN/vivado.log
# Journal file: C:/Users/rashe/Desktop/testCNN\vivado.jou
# Running On: DESKTOP-S0VN074, OS: Windows, CPU Frequency: 2688 MHz, CPU Physical cores: 10, Host memory: 34029 MB
#-----------------------------------------------------------
start_gui
open_project C:/Users/rashe/Desktop/testCNN/testCNN.xpr
update_compile_order -fileset sources_1
synth_design -rtl -rtl_skip_mlo -name rtl_1
open_bd_design {C:/Users/rashe/Desktop/testCNN/testCNN.srcs/sources_1/bd/design_1/design_1.bd}
close_design
open_run synth_1 -name synth_1
close_design
synth_design -rtl -rtl_skip_mlo -name rtl_1
